Cum 25.07.2025 13:39:28,60 Test log entry 
